current directory: /Users/drzzln/code/github/pleme-io/pangea-gcp/.gems/ruby/3.3.0/gems/bigdecimal-4.0.1/ext/bigdecimal
/nix/store/2v96qyjksvs4lwr2l8p5vv2hcriphfc2-ruby-3.3.10/bin/ruby -I /nix/store/2v96qyjksvs4lwr2l8p5vv2hcriphfc2-ruby-3.3.10/lib/ruby/3.3.0 extconf.rb
checking for __builtin_clz()... yes
checking for __builtin_clzl()... yes
checking for __builtin_clzll()... yes
checking for float.h... yes
checking for math.h... yes
checking for stdbool.h... yes
checking for stdlib.h... yes
checking for x86intrin.h... no
checking for intrin.h... no
checking for ruby/atomic.h... yes
checking for ruby/internal/has/builtin.h... yes
checking for ruby/internal/static_assert.h... yes
checking for rb_complex_real() in ruby.h... yes
checking for rb_complex_imag() in ruby.h... yes
checking for rb_opts_exception_p() in ruby.h... yes
checking for rb_category_warn() in ruby.h... yes
checking for RB_WARN_CATEGORY_DEPRECATED in ruby.h... yes
creating Makefile

current directory: /Users/drzzln/code/github/pleme-io/pangea-gcp/.gems/ruby/3.3.0/gems/bigdecimal-4.0.1/ext/bigdecimal
make DESTDIR\= sitearchdir\=./.gem.20260222-18535-7821mj sitelibdir\=./.gem.20260222-18535-7821mj clean

current directory: /Users/drzzln/code/github/pleme-io/pangea-gcp/.gems/ruby/3.3.0/gems/bigdecimal-4.0.1/ext/bigdecimal
make DESTDIR\= sitearchdir\=./.gem.20260222-18535-7821mj sitelibdir\=./.gem.20260222-18535-7821mj
compiling bigdecimal.c
compiling missing.c
linking shared-object bigdecimal.bundle

current directory: /Users/drzzln/code/github/pleme-io/pangea-gcp/.gems/ruby/3.3.0/gems/bigdecimal-4.0.1/ext/bigdecimal
make DESTDIR\= sitearchdir\=./.gem.20260222-18535-7821mj sitelibdir\=./.gem.20260222-18535-7821mj install
install -c -p -m 755 bigdecimal.bundle ./.gem.20260222-18535-7821mj
